print("--- Test 7: ---");

int base is 10;
int result is 0;

print(base);
print(result);

{
    int base is 2;
    result is 5 * parent::base + base;
    
    print(result);
    
    
    print(parent::base);
}

print(base);
print(result);

print("--- Test 8:---");

int stop_level is 2;

function dive(int current_level) {
    print(current_level);
    int stop_level is 99;
    if (current_level < parent::stop_level) do {
        dive(current_level + 1);
    } else do {
        print("KONIEC ZAGLEBIANIA SIE");
    }
    print(current_level);
}

dive(0);

print("--- Test 9:---");

int max_runs is 3;
int counter is 0;

while (counter < max_runs) do {
    counter is counter + 1;
    
    int max_runs is 1;
    print("COUNTER");
    print(counter);
    print("MAX_RUNS");
    print(max_runs);
    print("PARENT");
    print(parent::max_runs);
}

print(counter);


print("--- Test 11:---");

double gravity is 9.81;

{
    double gravity is 3.71;
    
    {
        double gravity is 1.62;
        
        double average_g is (gravity + parent::gravity + parent::parent::gravity) / 3.0;
        
        
        print(gravity);
        
        print(parent::gravity);
        
        print(parent::parent::gravity);
        
        print(average_g);
    }
}

print("--- Test 12:---");
int a is 0;
{
    int a is 100;
    if (a<5) do {
    print("aaa");
    }
}
