print("--- Test 7:---");

string marker is "GLOBAL";

function testScopes(string marker) {
    print(marker);

    repeat with i from 0 to 1 {
        string marker is "PETLA";
        print(marker);
        
        print(parent::marker);

        print(parent::parent::marker);
    }

    print(marker);
}

{
    string marker is "BLOK ZEWNETRZNY";
    print(marker);

    print(parent::marker);

    testScopes("PARAMETR");
}

print(marker);


print("--- Test 8: ---");

List<string> data is ["A", "B"];
print(data[0]);
print(data[1]);

{
    List<string> data is ["X", "Y"];
    //List<string> data2 is parent::data;
    //print(data2[0]);
    //print(data2[1]);
    //print(parent::data[0]);
    //print(parent::data[1]);
    

    print(data[0]);
    print(data[1]);
}

print("--- Test 10: ---");

int base is 10;
int result is 0;

print(base);
print(result);

{
    int base is 2;
    result is 5 * parent::base + base;
    
    print(result);
    
    
    print(parent::base);
}

print(base);
print(result);