print("--- Test 1:  ---");

int a is 1;
print(a);

{
    int a is 5;
    print(a);

    int x is parent::a;
    print(x);
}

print(a);

print("--- Test 2:---");

string val is "Global";

{
    string val is "Poziom 1";
    {
        string val is "Poziom 2";

        print(val);

        print(parent::val);

        print(parent::parent::val);
    }
    print(val);
}

print("--- Test 3:  ---");

int i is 99;
print(i);

repeat with i from 0 to 3 {
    print(i);
    int global_i is parent::i;
    print(global_i);
}

print(i);

print("--- Test 4: ---");

int c is 10;
int b is 20;

print(c);
print(b);

{
    int c is 100;
    print(parent::c);

    b is 200;

    print(c);
    print(parent::c);
}

print(c);
print(b);


print("--- Test 5:---");

string message is "Jestem zmienna globalna";

function testFunction() {
    string message is "Jestem zmienna lokalna w funkcji";
    print(message);
    
    print(parent::message);
}

testFunction();

print("--- Test 6:---");

int d is 1;
int b is parent::d;

print(b);