List<Point> perimeterH is [ (0,40), (10,40), (10,30), (20,30), (20,40), (30,40), (30,0), (20,0), (20,10), (10,10), (10,0), (0,0),(0,40) ] ;
List<Height> heightH is [ ( (15,20), 30, 1 ), ( (5,35), 40, 1 )];
Land landH is (-80,0) with perimeter is perimeterH, height is heightH;

List<Point> perimeterE is [ (0,0), (0,40), (30,40), (30,30), (10,30), (10,25), (30,25), (30,15), (10,15), (10,10), (30,10), (30,0), (0,0) ] ;
List<Height> heightE is [ ( (25,20), 30, 1 )];
Land landE is (-40,0) with perimeter is perimeterE, height is heightE;

List<Point> perimeterL is [ (0,0), (0,40), (10,40), (10,10), (30,10), (30,0), (0,0)] ;
List<Height> heightL is [ ( (5,5), 30, 1 )];
Land landL is (0,0) with perimeter is perimeterL, height is heightL;

Land landL2 is (40,0) with perimeter is perimeterL, height is heightL;

//List<Point> perimeterO is [ (0,0), (0,40), (30,40), (30,20), (20,20), (20,30), (10,30),(10,10),(30,30),(30,0), ] ;
List<Point> perimeterO is [ (0,0), (0,40), (30,40),(30,0), (0,0) ] ;
List<Height> heightO is [ ( (15,20), 50, 1 )];
Land landO is (80,0) with perimeter is perimeterO, height is heightO;

