// -------- Operacje arytmetyczne na zmiennych --------
int a is 10;
int b is 3;
int sum is a + b;
int diff is a - b;
int prod is a * b;
int quot is a / b;

print(sum);
print(diff);
print(prod);
print(quot);

// -------- Porownania bool --------
bool t is true;
bool f is false;
bool comp1 is t = true;
bool comp2 is t = f;
bool comp3 is t != f;

print("expected: true"); print(comp1);
print("expected: false"); print(comp2);
print("expected: true"); print(comp3);

// -------- Instrukcja warunkowa if / else --------

if (a > b) do {
    print("if okej");
}
else do {
    print("unexpected");
}

// -------- Petla for (repeat) --------
print("repeat loop"); 

repeat with i from 3 to 7 {
    print(i);
} 

// -------- Petla while --------
print("while loop"); 

int counter is 0;
while (counter < 3) do {
    print(counter);
    counter is counter + 1;
}

// -------- Funkcja zwracajaca wynik --------

function max(int a, int b) : int {
    if (a > b) do {
        return a;
    }
    else do{
        return b;
    }
}

int bigger is max(10, 20);
print("max(10, 20):"); print(bigger);

// -------- Funkcja typu void --------

function sayHello() {
    print("Hello!");
}

sayHello();